2026-02-24 03:53:08,776 - INFO - Project BizNess Initialized. Imports and configurations loaded successfully.
2026-02-24 04:25:49,035 - INFO - Dataset successfully loaded from BizNess_National_Training_Dataset_50k.csv
2026-02-24 04:25:49,036 - INFO - Dataset Shape: 50000 rows and 37 columns
2026-02-24 04:26:54,580 - INFO - Dropped leaky/identifier columns: ['Business_ID', 'Survival_Probability_Simulated', 'Risk_Level_Simulated']
2026-02-24 04:26:54,867 - INFO - Filled missing values in 'Owner_Education' with 'Unknown'
2026-02-24 04:28:09,901 - INFO - Using categorical units to plot a list of strings that are all parsable as floats or dates. If these strings should be plotted as numbers, cast to the appropriate data type before plotting.
2026-02-24 04:28:12,955 - INFO - Using categorical units to plot a list of strings that are all parsable as floats or dates. If these strings should be plotted as numbers, cast to the appropriate data type before plotting.
2026-02-24 04:28:24,459 - INFO - Class Distribution - Survived: 67.09%, Failed: 32.91%
2026-02-24 04:28:40,923 - INFO - Generated EDA plots for Region and Sector vs. Survival.
2026-02-24 04:29:29,292 - INFO - Data split into 80% Training and 20% Testing sets.
2026-02-24 04:29:29,417 - INFO - Preprocessing Pipeline configured successfully.
2026-02-24 04:32:17,527 - INFO - Training Baseline Model: Logistic Regression with SMOTE...
2026-02-24 04:35:23,494 - INFO - Baseline Model training completed.
2026-02-24 04:35:26,870 - INFO - Baseline Results - Acc: 0.5533, Precision: 0.5459, Recall: 0.5518, F1: 0.5360
2026-02-24 04:36:12,910 - INFO - Training Advanced Model: Random Forest Classifier with SMOTE...
2026-02-24 04:36:43,738 - INFO - Random Forest training completed.
2026-02-24 04:36:46,059 - INFO - Random Forest Results - Acc: 0.6638, Precision: 0.5477, Recall: 0.5092, F1: 0.4467
2026-02-24 04:37:20,943 - INFO - Training Advanced Model: XGBoost Classifier with SMOTE...
2026-02-24 04:38:02,606 - INFO - XGBoost training completed.
2026-02-24 04:38:03,875 - INFO - XGBoost Results - Acc: 0.6667, Precision: 0.5193, Recall: 0.5014, F1: 0.4161
2026-02-24 04:39:28,523 - INFO - Training Cost-Sensitive Model: Random Forest with Balanced Weights...
2026-02-24 04:39:37,997 - INFO - Cost-Sensitive Random Forest training completed.
2026-02-24 04:40:10,523 - INFO - Training LightGBM and CatBoost with Balanced Weights...
2026-02-24 04:41:28,972 - INFO - Applying Custom Decision Thresholds to CatBoost...
2026-02-24 04:42:36,203 - INFO - Extracting Feature Importance from CatBoost...
2026-02-24 04:42:42,211 - INFO - Feature importance chart generated successfully.
2026-02-24 04:43:21,086 - INFO - Starting Feature Engineering...
2026-02-24 04:43:21,164 - INFO - Engineered 3 new features: Total_Overhead_Burden, Capital_Per_Employee, Risk_to_Experience_Ratio.
2026-02-24 04:44:49,075 - INFO - Initiating Model Save Process...
2026-02-24 04:46:17,695 - INFO - Initializing Profit Forecasting (Regression) Model...
2026-02-24 04:46:23,033 - INFO - XGBoost Regression training completed.
2026-02-24 04:46:23,430 - INFO - Regression Results - MAE: 323955.09 CFA, R2: 0.4920
2026-02-25 00:30:51,611 - INFO - Project BizNess Initialized. Imports and configurations loaded successfully.
2026-02-25 00:47:21,826 - INFO - Project BizNess Initialized. Imports and configurations loaded successfully.
2026-02-25 00:47:24,120 - INFO - Dataset successfully loaded from BizNess_National_Training_Dataset_50k.csv
2026-02-25 00:47:24,121 - INFO - Dataset Shape: 50000 rows and 37 columns
2026-02-25 00:47:28,752 - INFO - Dropped leaky/identifier columns: ['Business_ID', 'Survival_Probability_Simulated', 'Risk_Level_Simulated']
2026-02-25 00:47:28,767 - INFO - Filled missing values in 'Owner_Education' with 'Unknown'
2026-02-25 00:47:31,276 - INFO - Using categorical units to plot a list of strings that are all parsable as floats or dates. If these strings should be plotted as numbers, cast to the appropriate data type before plotting.
2026-02-25 00:47:31,386 - INFO - Using categorical units to plot a list of strings that are all parsable as floats or dates. If these strings should be plotted as numbers, cast to the appropriate data type before plotting.
2026-02-25 00:47:32,277 - INFO - Class Distribution - Survived: 67.09%, Failed: 32.91%
2026-02-25 00:47:35,658 - INFO - Generated EDA plots for Region and Sector vs. Survival.
2026-02-25 00:47:38,485 - INFO - Data split into 80% Training and 20% Testing sets.
2026-02-25 00:47:38,522 - INFO - Preprocessing Pipeline configured successfully.
2026-02-25 00:47:41,322 - INFO - Training Baseline Model: Logistic Regression with SMOTE...
2026-02-25 00:47:53,590 - INFO - Baseline Model training completed.
2026-02-25 00:47:53,752 - INFO - Baseline Results - Acc: 0.5533, Precision: 0.5459, Recall: 0.5518, F1: 0.5360
2026-02-25 00:47:58,070 - INFO - Training Advanced Model: Random Forest Classifier with SMOTE...
2026-02-25 00:48:14,041 - INFO - Random Forest training completed.
2026-02-25 00:48:14,435 - INFO - Random Forest Results - Acc: 0.6638, Precision: 0.5477, Recall: 0.5092, F1: 0.4467
2026-02-25 00:48:18,740 - INFO - Training Advanced Model: XGBoost Classifier with SMOTE...
2026-02-25 00:48:26,076 - INFO - XGBoost training completed.
2026-02-25 00:48:26,268 - INFO - XGBoost Results - Acc: 0.6667, Precision: 0.5193, Recall: 0.5014, F1: 0.4161
2026-02-25 00:48:39,550 - INFO - Training Cost-Sensitive Model: Random Forest with Balanced Weights...
2026-02-25 00:48:47,820 - INFO - Cost-Sensitive Random Forest training completed.
2026-02-25 00:49:46,693 - INFO - Training LightGBM and CatBoost with Balanced Weights...
2026-02-25 00:50:38,919 - INFO - Applying Custom Decision Thresholds to CatBoost...
2026-02-25 00:51:01,192 - INFO - Extracting Feature Importance from CatBoost...
2026-02-25 00:51:02,792 - INFO - Feature importance chart generated successfully.
2026-02-25 00:51:06,876 - INFO - Starting Feature Engineering...
2026-02-25 00:51:06,906 - INFO - Engineered 3 new features: Total_Overhead_Burden, Capital_Per_Employee, Risk_to_Experience_Ratio.
2026-02-25 00:51:39,698 - INFO - Initiating Model Save Process...
2026-02-25 00:52:04,739 - INFO - Initializing Profit Forecasting (Regression) Model...
2026-02-25 00:52:08,171 - INFO - XGBoost Regression training completed.
2026-02-25 00:52:08,494 - INFO - Regression Results - MAE: 323955.09 CFA, R2: 0.4920
2026-02-25 00:52:14,804 - INFO - Saving the Profit Forecasting Model...
